// Jest Snapshot v1, https://goo.gl/fbAQLP

exports[`renders correctly 1`] = `
<div
  className="app"
>
  <div
    className="display"
  >
    0
  </div>
  <div
    className="button-panel"
  >
    <div>
      <button
        className=" lightgray"
        onClick={[Function]}
        style={
          Object {
            "backgroundColor": "lightgray",
          }
        }
        type="button"
      >
        AC
      </button>
      <button
        className=" lightgray"
        onClick={[Function]}
        style={
          Object {
            "backgroundColor": "lightgray",
          }
        }
        type="button"
      >
        +/-
      </button>
      <button
        className=" lightgray"
        onClick={[Function]}
        style={
          Object {
            "backgroundColor": "lightgray",
          }
        }
        type="button"
      >
        %
      </button>
      <button
        className=" orange"
        onClick={[Function]}
        style={
          Object {
            "backgroundColor": "orange",
          }
        }
        type="button"
      >
        รท
      </button>
    </div>
    <div>
      <button
        className=" lightgray"
        onClick={[Function]}
        style={
          Object {
            "backgroundColor": "lightgray",
          }
        }
        type="button"
      >
        7
      </button>
      <button
        className=" lightgray"
        onClick={[Function]}
        style={
          Object {
            "backgroundColor": "lightgray",
          }
        }
        type="button"
      >
        8
      </button>
      <button
        className=" lightgray"
        onClick={[Function]}
        style={
          Object {
            "backgroundColor": "lightgray",
          }
        }
        type="button"
      >
        9
      </button>
      <button
        className=" orange"
        onClick={[Function]}
        style={
          Object {
            "backgroundColor": "orange",
          }
        }
        type="button"
      >
        x
      </button>
    </div>
    <div>
      <button
        className=" lightgray"
        onClick={[Function]}
        style={
          Object {
            "backgroundColor": "lightgray",
          }
        }
        type="button"
      >
        4
      </button>
      <button
        className=" lightgray"
        onClick={[Function]}
        style={
          Object {
            "backgroundColor": "lightgray",
          }
        }
        type="button"
      >
        5
      </button>
      <button
        className=" lightgray"
        onClick={[Function]}
        style={
          Object {
            "backgroundColor": "lightgray",
          }
        }
        type="button"
      >
        6
      </button>
      <button
        className=" orange"
        onClick={[Function]}
        style={
          Object {
            "backgroundColor": "orange",
          }
        }
        type="button"
      >
        -
      </button>
    </div>
    <div>
      <button
        className=" lightgray"
        onClick={[Function]}
        style={
          Object {
            "backgroundColor": "lightgray",
          }
        }
        type="button"
      >
        1
      </button>
      <button
        className=" lightgray"
        onClick={[Function]}
        style={
          Object {
            "backgroundColor": "lightgray",
          }
        }
        type="button"
      >
        2
      </button>
      <button
        className=" lightgray"
        onClick={[Function]}
        style={
          Object {
            "backgroundColor": "lightgray",
          }
        }
        type="button"
      >
        3
      </button>
      <button
        className=" orange"
        onClick={[Function]}
        style={
          Object {
            "backgroundColor": "orange",
          }
        }
        type="button"
      >
        +
      </button>
    </div>
    <div>
      <button
        className="wide lightgray"
        onClick={[Function]}
        style={
          Object {
            "backgroundColor": "lightgray",
          }
        }
        type="button"
      >
        0
      </button>
      <button
        className=" lightgray"
        onClick={[Function]}
        style={
          Object {
            "backgroundColor": "lightgray",
          }
        }
        type="button"
      >
        .
      </button>
      <button
        className=" orange"
        onClick={[Function]}
        style={
          Object {
            "backgroundColor": "orange",
          }
        }
        type="button"
      >
        =
      </button>
    </div>
  </div>
</div>
`;
